// Jest Snapshot v1, https://goo.gl/fbAQLP

exports[`Form component Accepts custom styles 1`] = `
<form
  action="blank"
  className="pretty-form"
  data-formstatus="active"
  encType=""
  method="post"
  onChange={[Function]}
/>
`;

exports[`Form component Renders required props 1`] = `
<form
  action="blank"
  className="pretty-form"
  data-formstatus="active"
  encType=""
  method="post"
  onChange={[Function]}
/>
`;
